warning: `VIRTUAL_ENV=/Users/inigo_ocariz/.local/share/virtualenvs/mlops-deploy-GExISt8s` does not match the project environment path `/Users/inigo_ocariz/src/.venv` and will be ignored; use `--active` to target the active environment instead
$BK: possibly delisted; no price data found  (1d 2018-01-01 -> 2026-08-16) (Yahoo error = "No data found, symbol may be delisted")
HTTP Error 401: {"finance":{"result":null,"error":{"code":"Unauthorized","description":"Invalid Crumb"}}}
HTTP Error 401: {"finance":{"result":null,"error":{"code":"Unauthorized","description":"Invalid Crumb"}}}
HTTP Error 401: {"finance":{"result":null,"error":{"code":"Unauthorized","description":"User is unable to access this feature - https://bit.ly/yahoo-finance-api-feedback"}}}
$ADS: possibly delisted; no timezone found
$ARNC: possibly delisted; no timezone found

14 Failed downloads:
['ANTM', 'ABC', 'BLL', 'ATVI', 'AGN', 'ALXN', 'BHGE', 'ABMD']: YFRateLimitError('Too Many Requests. Rate limited. Try after a while.')
['BK']: possibly delisted; no price data found  (1d 2018-01-01 -> 2026-08-16) (Yahoo error = "No data found, symbol may be delisted")
['AET', 'ANDV']: TypeError("Invalid value '0' for dtype 'str'. Value should be a string or missing value, got 'int' instead.")
['ANSS']: TypeError("argument of type 'NoneType' is not iterable")
['ADS', 'ARNC']: possibly delisted; no timezone found
$CBS: possibly delisted; no timezone found
$CHK: possibly delisted; no timezone found
$CXO: possibly delisted; no timezone found
$DISCA: possibly delisted; no timezone found
$CTXS: possibly delisted; no timezone found
$CMA: possibly delisted; no timezone found
$DFS: possibly delisted; no timezone found
$CTRA: possibly delisted; no price data found  (1d 2018-01-01 -> 2026-08-16) (Yahoo error = "No data found, symbol may be delisted")
$DAY: possibly delisted; no timezone found
$CTLT: possibly delisted; no timezone found

19 Failed downloads:
['DRE', 'CERN', 'DISH', 'CDAY', 'CA', 'CELG', 'CTL', 'DISCK', 'COG']: YFRateLimitError('Too Many Requests. Rate limited. Try after a while.')
['CBS', 'CHK', 'CXO', 'DISCA', 'CTXS', 'CMA', 'DFS', 'DAY', 'CTLT']: possibly delisted; no timezone found
['CTRA']: possibly delisted; no price data found  (1d 2018-01-01 -> 2026-08-16) (Yahoo error = "No data found, symbol may be delisted")
$ETFC: possibly delisted; no timezone found
$GGP: possibly delisted; no price data found  (1d 2018-01-01 -> 2026-08-16)
$FBHS: possibly delisted; no timezone found
$DWDP: possibly delisted; no timezone found
$FRC: possibly delisted; no timezone found

11 Failed downloads:
['FLIR', 'FI', 'FLT', 'HBI', 'FL', 'GPS']: YFRateLimitError('Too Many Requests. Rate limited. Try after a while.')
['ETFC', 'FBHS', 'DWDP', 'FRC']: possibly delisted; no timezone found
['GGP']: possibly delisted; no price data found  (1d 2018-01-01 -> 2026-08-16)
$K: possibly delisted; no timezone found
$KORS: possibly delisted; no price data found  (1d 2018-01-01 -> 2026-08-16)
$HOLX: possibly delisted; no price data found  (1d 2018-01-01 -> 2026-08-16) (Yahoo error = "No data found, symbol may be delisted")
$HFC: possibly delisted; no timezone found
$JEC: possibly delisted; no timezone found
$JNPR: possibly delisted; no timezone found

13 Failed downloads:
['IPG', 'HES', 'KSU', 'LLL', 'HRS', 'JWN', 'HCP']: YFRateLimitError('Too Many Requests. Rate limited. Try after a while.')
['K', 'HFC', 'JEC', 'JNPR']: possibly delisted; no timezone found
['KORS']: possibly delisted; no price data found  (1d 2018-01-01 -> 2026-08-16)
['HOLX']: possibly delisted; no price data found  (1d 2018-01-01 -> 2026-08-16) (Yahoo error = "No data found, symbol may be delisted")
$PDCO: possibly delisted; no timezone found
$NLOK: possibly delisted; no timezone found
$NBL: possibly delisted; no timezone found
$MYL: possibly delisted; no timezone found

11 Failed downloads:
['MRO', 'MON', 'PBCT', 'NLSN', 'MXIM', 'PEAK', 'MMC']: YFRateLimitError('Too Many Requests. Rate limited. Try after a while.')
['PDCO', 'NLOK', 'NBL', 'MYL']: possibly delisted; no timezone found
$RHT: possibly delisted; no timezone found
$PKI: possibly delisted; no timezone found
$SIVB: possibly delisted; no timezone found
$RTN: possibly delisted; no timezone found
$SRCL: possibly delisted; no price data found  (1d 2018-01-01 -> 2026-08-16) (Yahoo error = "No data found, symbol may be delisted")
$SNI: possibly delisted; no price data found  (1d 2018-01-01 -> 2026-08-16)
$SEE: possibly delisted; no price data found  (1d 2018-01-01 -> 2026-08-16) (Yahoo error = "No data found, symbol may be delisted")

14 Failed downloads:
['PXD', 'TMK', 'RE', 'PX', 'SYMC', 'TIF']: YFRateLimitError('Too Many Requests. Rate limited. Try after a while.')
['RHT', 'PKI', 'SIVB', 'RTN']: possibly delisted; no timezone found
['SRCL', 'SEE']: possibly delisted; no price data found  (1d 2018-01-01 -> 2026-08-16) (Yahoo error = "No data found, symbol may be delisted")
['SCG']: TypeError("Invalid value '0' for dtype 'str'. Value should be a string or missing value, got 'int' instead.")
['SNI']: possibly delisted; no price data found  (1d 2018-01-01 -> 2026-08-16)
$WRK: possibly delisted; no timezone found
$WBA: possibly delisted; no timezone found
$WCG: possibly delisted; no timezone found
$WYND: possibly delisted; no timezone found
$XL: possibly delisted; no timezone found
$XLNX: possibly delisted; no timezone found
$VIAB: possibly delisted; no timezone found

15 Failed downloads:
['VAR', 'TSS', 'WLTW', 'XEC', 'UTX', 'TWTR', 'VIAC']: YFRateLimitError('Too Many Requests. Rate limited. Try after a while.')
['TWX']: TypeError("Invalid value '0' for dtype 'str'. Value should be a string or missing value, got 'int' instead.")
['WRK', 'WBA', 'WCG', 'WYND', 'XL', 'XLNX', 'VIAB']: possibly delisted; no timezone found
$CHK: possibly delisted; no timezone found
$ADS: possibly delisted; no timezone found
$ALXN: possibly delisted; no timezone found
$ANSS: possibly delisted; no timezone found
$ARNC: possibly delisted; no timezone found
$CBS: possibly delisted; no timezone found
$ABC: possibly delisted; no timezone found
$CA: possibly delisted; no price data found  (1d 2018-01-01 -> 2026-08-16) (Yahoo error = "No data found, symbol may be delisted")
$BHGE: possibly delisted; no timezone found
$BK: possibly delisted; no price data found  (1d 2018-01-01 -> 2026-08-16) (Yahoo error = "No data found, symbol may be delisted")
$ABMD: possibly delisted; no timezone found
$CELG: possibly delisted; no timezone found
$CERN: possibly delisted; no timezone found
$ANTM: possibly delisted; no timezone found
$CDAY: possibly delisted; no timezone found
$ATVI: possibly delisted; no timezone found

20 Failed downloads:
['CHK', 'ADS', 'ALXN', 'ANSS', 'ARNC', 'CBS', 'ABC', 'BHGE', 'ABMD', 'CELG', 'CERN', 'ANTM', 'CDAY', 'ATVI']: possibly delisted; no timezone found
['ANDV', 'AET']: TypeError("Invalid value '0' for dtype 'str'. Value should be a string or missing value, got 'int' instead.")
['AGN', 'BLL']: YFRateLimitError('Too Many Requests. Rate limited. Try after a while.')
['CA', 'BK']: possibly delisted; no price data found  (1d 2018-01-01 -> 2026-08-16) (Yahoo error = "No data found, symbol may be delisted")
$CHK: possibly delisted; no timezone found
$BHGE: possibly delisted; no timezone found
$ABC: possibly delisted; no timezone found
$ADS: possibly delisted; no timezone found
$CERN: possibly delisted; no timezone found
$CELG: possibly delisted; no timezone found
$CDAY: possibly delisted; no timezone found
$ABMD: possibly delisted; no timezone found
$ALXN: possibly delisted; no timezone found
$ANTM: possibly delisted; no timezone found
$ATVI: possibly delisted; no timezone found
$ANSS: possibly delisted; no timezone found
$ARNC: possibly delisted; no timezone found
$CBS: possibly delisted; no timezone found
$CA: possibly delisted; no price data found  (1d 2018-01-01 -> 2026-08-16) (Yahoo error = "No data found, symbol may be delisted")
$AGN: possibly delisted; no timezone found
$BLL: possibly delisted; no timezone found

20 Failed downloads:
['CHK', 'BHGE', 'ABC', 'ADS', 'CERN', 'CELG', 'CDAY', 'ABMD', 'ALXN', 'ANTM', 'ATVI', 'ANSS', 'ARNC', 'CBS', 'AGN', 'BLL']: possibly delisted; no timezone found
['BK']: YFRateLimitError('Too Many Requests. Rate limited. Try after a while.')
['ANDV', 'AET']: TypeError("Invalid value '0' for dtype 'str'. Value should be a string or missing value, got 'int' instead.")
['CA']: possibly delisted; no price data found  (1d 2018-01-01 -> 2026-08-16) (Yahoo error = "No data found, symbol may be delisted")
